session: engine  ·  omk  ·  up 00:00  ·  $0.000                                 
intent: small  conf 0.92  ·  287ms                                              
reasoning: rename symbol                                                        
recent:                                                                         
  00:00:00  small     "rename symbol"                                           
                                                                                
                                                                                
                                                                                
mode: wire-worker                                                               
workers:                                                                        
● wire-001   rename foo to bar        00:00                                     
                                                                                
                                                                                
                                                                                
                                                                                
Escalations                                                                     
◆ 00:00:00 edit: rename foo to bar (wire-001)                                   
● 00:00:00 small router escalation to small                                     
                                                                                
                                                                                
                                                                                
                                                                                
cost: 0 in / 0 out  ·  $0.000                                                   
[P]ause  [I]nject  [A]pprove  [R]eject  [/] cmd                                 
