session: engine  ·  omk  ·  up 00:00  ·  $0.000                                 
intent: trivial  conf 0.99  ·  150ms                                            
reasoning: simple lookup                                                        
recent:                                                                         
  00:00:00  trivial   "simple lookup"                                           
                                                                                
                                                                                
                                                                                
                                                                                
                                                                                
                                                                                
                                                                                
                                                                                
                                                                                
                                                                                
                                                                                
                                                                                
                                                                                
                                                                                
                                                                                
                                                                                
mode: idle                                                                      
cost: 0 in / 0 out  ·  $0.000                                                   
[P]ause  [I]nject  [A]pprove  [R]eject  [/] cmd                                 
