session: engine  ·  omk  ·  up 00:00  ·  $0.172                                 
mode: idle                                                                      
cost: 1.9k in / 770 out  ·  $0.172                                              
[P]ause  [I]nject  [A]pprove  [R]eject  [/] cmd                                 
                                                                                
                                                                                
                                                                                
                                                                                
                                                                                
                                                                                
                                                                                
                                                                                
                                                                                
                                                                                
                                                                                
                                                                                
                                                                                
                                                                                
                                                                                
                                                                                
                                                                                
                                                                                
                                                                                
                                                                                
